// Jest Snapshot v1, https://goo.gl/fbAQLP

exports[`<TrainingCreateListItemPlaceholder/> should render 1`] = `
<div>
  <div
    class="makeStyles-root-1"
  >
    <svg
      aria-hidden="true"
      class="MuiSvgIcon-root MuiSvgIcon-colorPrimary MuiSvgIcon-fontSizeLarge"
      focusable="false"
      viewBox="0 0 24 24"
    >
      <path
        d="M18 13h-5v5c0 .55-.45 1-1 1s-1-.45-1-1v-5H6c-.55 0-1-.45-1-1s.45-1 1-1h5V6c0-.55.45-1 1-1s1 .45 1 1v5h5c.55 0 1 .45 1 1s-.45 1-1 1z"
      />
    </svg>
  </div>
</div>
`;
