// Jest Snapshot v1, https://goo.gl/fbAQLP

exports[`<ControlPanelTitle/> should render 1`] = `
<div>
  <div
    class="MuiBox-root MuiBox-root-1"
  >
    <h3
      class="MuiTypography-root MuiTypography-h3"
    />
  </div>
</div>
`;
