// Jest Snapshot v1, https://goo.gl/fbAQLP

exports[`<UnauthorizedRoute/> should render 1`] = `
<div>
  <div
    data-testid="unauthorized-route-base"
  />
</div>
`;
