// Jest Snapshot v1, https://goo.gl/fbAQLP

exports[`<DateTimeTypography/> should render 1`] = `
<div>
  <span
    class="MuiTypography-root makeStyles-root-1 MuiTypography-caption"
  />
</div>
`;
