// Jest Snapshot v1, https://goo.gl/fbAQLP

exports[`<ControlPanelLayout/> should render 1`] = `
<div>
  <div
    class="makeStyles-root-2"
  >
    <div
      class="MuiBox-root MuiBox-root-6 makeStyles-root-3 makeStyles-root-5"
    >
      <img
        class="makeStyles-img-4"
        src="logo.svg"
      />
    </div>
    <div
      class="MuiBox-root MuiBox-root-8 makeStyles-root-7"
    >
      <ul
        class="MuiList-root"
      />
    </div>
    <div
      class="MuiBox-root MuiBox-root-9"
    >
      <div
        class="MuiBox-root MuiBox-root-10 makeStyles-root-7"
      >
        <ul
          class="MuiList-root"
        >
          <div
            aria-disabled="false"
            class="MuiButtonBase-root MuiListItem-root makeStyles-root-11 MuiListItem-gutters MuiListItem-button"
            data-testid="control-panel-drawer-menu-item"
            role="button"
            tabindex="0"
            to="/logout"
          >
            <span
              class="makeStyles-highlight-12 makeStyles-highlight-15"
            />
            <div
              class="MuiListItemIcon-root makeStyles-icon-13 makeStyles-icon-16"
            >
              <svg
                aria-hidden="true"
                class="MuiSvgIcon-root"
                focusable="false"
                viewBox="0 0 24 24"
              >
                <path
                  d="M10.79 16.29c.39.39 1.02.39 1.41 0l3.59-3.59c.39-.39.39-1.02 0-1.41L12.2 7.7a.9959.9959 0 00-1.41 0c-.39.39-.39 1.02 0 1.41L12.67 11H4c-.55 0-1 .45-1 1s.45 1 1 1h8.67l-1.88 1.88c-.39.39-.38 1.03 0 1.41zM19 3H5c-1.11 0-2 .9-2 2v3c0 .55.45 1 1 1s1-.45 1-1V6c0-.55.45-1 1-1h12c.55 0 1 .45 1 1v12c0 .55-.45 1-1 1H6c-.55 0-1-.45-1-1v-2c0-.55-.45-1-1-1s-1 .45-1 1v3c0 1.1.9 2 2 2h14c1.1 0 2-.9 2-2V5c0-1.1-.9-2-2-2z"
                />
              </svg>
            </div>
            <div
              class="MuiListItemText-root"
            >
              <span
                class="MuiTypography-root MuiListItemText-primary makeStyles-textPrimary-14 makeStyles-textPrimary-17 MuiTypography-body1 MuiTypography-displayBlock"
              >
                Log out
              </span>
            </div>
            <span
              class="MuiTouchRipple-root"
            />
          </div>
        </ul>
      </div>
      <p
        class="MuiTypography-root makeStyles-typography-18 MuiTypography-body1"
      >
        All rights reserved to
        <strong>
           byoT
        </strong>
      </p>
    </div>
  </div>
  <div
    class="makeStyles-content-1"
  />
</div>
`;
