// Jest Snapshot v1, https://goo.gl/fbAQLP

exports[`<MaterialIcon/> should render 1`] = `
<View
  collapsable={true}
  pointerEvents="box-none"
  style={
    Object {
      "flex": 1,
    }
  }
>
  <Text
    allowFontScaling={false}
    style={
      Array [
        Object {
          "color": undefined,
          "fontSize": 12,
        },
        undefined,
        Object {
          "fontFamily": "Material Icons",
          "fontStyle": "normal",
          "fontWeight": "normal",
        },
        Object {},
      ]
    }
  >
    îŒ”
  </Text>
</View>
`;
