// Jest Snapshot v1, https://goo.gl/fbAQLP

exports[`<PlainLayoutBackButton/> should render 1`] = `
<View
  collapsable={true}
  pointerEvents="box-none"
  style={
    Object {
      "flex": 1,
    }
  }
>
  <View
    style={
      Object {
        "left": 0,
        "opacity": 0,
        "position": "absolute",
        "top": 0,
      }
    }
  >
    <TouchableOpacity>
      <Text
        allowFontScaling={false}
        style={
          Array [
            Object {
              "color": undefined,
              "fontSize": 12,
            },
            Object {
              "color": "#FAFAF1",
              "fontSize": 48,
            },
            Object {
              "fontFamily": "Material Icons",
              "fontStyle": "normal",
              "fontWeight": "normal",
            },
            Object {},
          ]
        }
      >
        îŒ”
      </Text>
    </TouchableOpacity>
  </View>
</View>
`;
