// Jest Snapshot v1, https://goo.gl/fbAQLP

exports[`<PlainLayoutNavigation/> should render 1`] = `
<View
  collapsable={true}
  pointerEvents="box-none"
  style={
    Object {
      "flex": 1,
    }
  }
>
  <View
    style={
      Array [
        Object {
          "flex": 1,
        },
        Object {
          "paddingBottom": 0,
        },
      ]
    }
  >
    <View
      style={
        Array [
          Object {
            "alignItems": "stretch",
            "backgroundColor": "#FAFAF1",
            "flex": 1,
            "flexDirection": "column",
            "justifyContent": "space-between",
            "paddingTop": 20,
          },
          Object {
            "alignItems": "center",
            "flex": 1,
            "flexDirection": "column",
          },
        ]
      }
    >
      <Image
        source={
          Object {
            "testUri": "../../../native/app/src/assets/byoT-full.png",
          }
        }
        style={
          Array [
            undefined,
            Object {
              "height": 100,
              "resizeMode": "contain",
              "width": 140.41666666666666,
            },
          ]
        }
      />
      <View
        style={
          Object {
            "alignItems": "stretch",
            "flex": 1,
            "flexDirection": "column",
            "justifyContent": "flex-end",
            "width": "100%",
          }
        }
      >
        <View
          initialRouteName="Login"
          screenOptions={
            Object {
              "cardOverlayEnabled": false,
              "cardShadowEnabled": false,
              "cardStyle": Object {
                "backgroundColor": "#FAFAF1",
                "flex": 1,
              },
              "headerShown": false,
            }
          }
        >
          <Text>
            Text
          </Text>
        </View>
      </View>
    </View>
  </View>
</View>
`;
