// Jest Snapshot v1, https://goo.gl/fbAQLP

exports[`<IconLogo/> should render 1`] = `
<div>
  <div
    class="makeStyles-root-1 makeStyles-root-2"
    style="width: 60px; height: 100px;"
  >
    <div
      class="MuiBox-root MuiBox-root-6 makeStyles-root-3 makeStyles-root-5"
    >
      <img
        class="makeStyles-img-4"
        src="logo.svg"
      />
    </div>
  </div>
</div>
`;
