// Jest Snapshot v1, https://goo.gl/fbAQLP

exports[`<IdView/> should render 1`] = `
<View
  collapsable={true}
  pointerEvents="box-none"
  style={
    Object {
      "flex": 1,
    }
  }
>
  <View
    accessibilityLabel="test-id"
    testID="test-id"
  />
</View>
`;
